256 exhaustive random instances verified for all exact candidates
verified/measured n=0 m=0 k=0 disjoint/zero/sorted
verified/measured n=0 m=1 k=0 disjoint/zero/sorted
verified/measured n=0 m=16 k=0 disjoint/zero/sorted
verified/measured n=1000 m=16 k=4 disjoint/constant/sorted
verified/measured n=1000 m=16 k=4 disjoint/bottleneck/sorted
verified/measured n=1000 m=16 k=4 disjoint/increasing/sorted
verified/measured n=1000 m=16 k=4 disjoint/decreasing/sorted
verified/measured n=1000 m=16 k=4 disjoint/sawtooth/sorted
verified/measured n=1000 m=16 k=4 disjoint/small_changes/sorted
verified/measured n=1000 m=16 k=4 disjoint/zero_gaps/sorted
verified/measured n=1000 m=16 k=4 disjoint/high/sorted
verified/measured n=1000 m=16 k=4 sparse/constant/sorted
verified/measured n=1000 m=16 k=4 sparse/bottleneck/sorted
verified/measured n=1000 m=16 k=4 sparse/increasing/sorted
verified/measured n=1000 m=16 k=4 sparse/decreasing/sorted
verified/measured n=1000 m=16 k=4 sparse/sawtooth/sorted
verified/measured n=1000 m=16 k=4 sparse/small_changes/sorted
verified/measured n=1000 m=16 k=4 sparse/zero_gaps/sorted
verified/measured n=1000 m=16 k=4 sparse/high/sorted
verified/measured n=1000 m=16 k=4 moderate/constant/sorted
verified/measured n=1000 m=16 k=4 moderate/bottleneck/sorted
verified/measured n=1000 m=16 k=4 moderate/increasing/sorted
verified/measured n=1000 m=16 k=4 moderate/decreasing/sorted
verified/measured n=1000 m=16 k=4 moderate/sawtooth/sorted
verified/measured n=1000 m=16 k=4 moderate/small_changes/sorted
verified/measured n=1000 m=16 k=4 moderate/zero_gaps/sorted
verified/measured n=1000 m=16 k=4 moderate/high/sorted
verified/measured n=1000 m=16 k=4 dense/constant/sorted
verified/measured n=1000 m=16 k=4 dense/bottleneck/sorted
verified/measured n=1000 m=16 k=4 dense/increasing/sorted
verified/measured n=1000 m=16 k=4 dense/decreasing/sorted
verified/measured n=1000 m=16 k=4 dense/sawtooth/sorted
verified/measured n=1000 m=16 k=4 dense/small_changes/sorted
verified/measured n=1000 m=16 k=4 dense/zero_gaps/sorted
verified/measured n=1000 m=16 k=4 dense/high/sorted
verified/measured n=1000 m=16 k=4 nested/constant/sorted
verified/measured n=1000 m=16 k=4 nested/bottleneck/sorted
verified/measured n=1000 m=16 k=4 nested/increasing/sorted
verified/measured n=1000 m=16 k=4 nested/decreasing/sorted
verified/measured n=1000 m=16 k=4 nested/sawtooth/sorted
verified/measured n=1000 m=16 k=4 nested/small_changes/sorted
verified/measured n=1000 m=16 k=4 nested/zero_gaps/sorted
verified/measured n=1000 m=16 k=4 nested/high/sorted
verified/measured n=1000 m=16 k=4 identical/constant/sorted
verified/measured n=1000 m=16 k=4 identical/bottleneck/sorted
verified/measured n=1000 m=16 k=4 identical/increasing/sorted
verified/measured n=1000 m=16 k=4 identical/decreasing/sorted
verified/measured n=1000 m=16 k=4 identical/sawtooth/sorted
verified/measured n=1000 m=16 k=4 identical/small_changes/sorted
verified/measured n=1000 m=16 k=4 identical/zero_gaps/sorted
verified/measured n=1000 m=16 k=4 identical/high/sorted
verified/measured n=1000 m=16 k=4 touching/constant/sorted
verified/measured n=1000 m=16 k=4 touching/bottleneck/sorted
verified/measured n=1000 m=16 k=4 touching/increasing/sorted
verified/measured n=1000 m=16 k=4 touching/decreasing/sorted
verified/measured n=1000 m=16 k=4 touching/sawtooth/sorted
verified/measured n=1000 m=16 k=4 touching/small_changes/sorted
verified/measured n=1000 m=16 k=4 touching/zero_gaps/sorted
verified/measured n=1000 m=16 k=4 touching/high/sorted
verified/measured n=1000 m=16 k=4 empties/constant/sorted
verified/measured n=1000 m=16 k=4 empties/bottleneck/sorted
verified/measured n=1000 m=16 k=4 empties/increasing/sorted
verified/measured n=1000 m=16 k=4 empties/decreasing/sorted
verified/measured n=1000 m=16 k=4 empties/sawtooth/sorted
verified/measured n=1000 m=16 k=4 empties/small_changes/sorted
verified/measured n=1000 m=16 k=4 empties/zero_gaps/sorted
verified/measured n=1000 m=16 k=4 empties/high/sorted
verified/measured n=1000 m=16 k=4 negative/constant/sorted
verified/measured n=1000 m=16 k=4 negative/bottleneck/sorted
verified/measured n=1000 m=16 k=4 negative/increasing/sorted
verified/measured n=1000 m=16 k=4 negative/decreasing/sorted
verified/measured n=1000 m=16 k=4 negative/sawtooth/sorted
verified/measured n=1000 m=16 k=4 negative/small_changes/sorted
verified/measured n=1000 m=16 k=4 negative/zero_gaps/sorted
verified/measured n=1000 m=16 k=4 negative/high/sorted
verified/measured n=1000 m=16 k=4 valuable_long/constant/sorted
verified/measured n=1000 m=16 k=4 valuable_long/bottleneck/sorted
verified/measured n=1000 m=16 k=4 valuable_long/increasing/sorted
verified/measured n=1000 m=16 k=4 valuable_long/decreasing/sorted
verified/measured n=1000 m=16 k=4 valuable_long/sawtooth/sorted
verified/measured n=1000 m=16 k=4 valuable_long/small_changes/sorted
verified/measured n=1000 m=16 k=4 valuable_long/zero_gaps/sorted
verified/measured n=1000 m=16 k=4 valuable_long/high/sorted
verified/measured n=1000 m=16 k=4 bottleneck_short/constant/sorted
verified/measured n=1000 m=16 k=4 bottleneck_short/bottleneck/sorted
verified/measured n=1000 m=16 k=4 bottleneck_short/increasing/sorted
verified/measured n=1000 m=16 k=4 bottleneck_short/decreasing/sorted
verified/measured n=1000 m=16 k=4 bottleneck_short/sawtooth/sorted
verified/measured n=1000 m=16 k=4 bottleneck_short/small_changes/sorted
verified/measured n=1000 m=16 k=4 bottleneck_short/zero_gaps/sorted
verified/measured n=1000 m=16 k=4 bottleneck_short/high/sorted
verified/measured n=1000 m=16 k=4 outside/constant/sorted
verified/measured n=1000 m=16 k=4 outside/bottleneck/sorted
verified/measured n=1000 m=16 k=4 outside/increasing/sorted
verified/measured n=1000 m=16 k=4 outside/decreasing/sorted
verified/measured n=1000 m=16 k=4 outside/sawtooth/sorted
verified/measured n=1000 m=16 k=4 outside/small_changes/sorted
verified/measured n=1000 m=16 k=4 outside/zero_gaps/sorted
verified/measured n=1000 m=16 k=4 outside/high/sorted
verified/measured n=1000 m=16 k=4 spanning_gaps/constant/sorted
verified/measured n=1000 m=16 k=4 spanning_gaps/bottleneck/sorted
verified/measured n=1000 m=16 k=4 spanning_gaps/increasing/sorted
verified/measured n=1000 m=16 k=4 spanning_gaps/decreasing/sorted
verified/measured n=1000 m=16 k=4 spanning_gaps/sawtooth/sorted
verified/measured n=1000 m=16 k=4 spanning_gaps/small_changes/sorted
verified/measured n=1000 m=16 k=4 spanning_gaps/zero_gaps/sorted
verified/measured n=1000 m=16 k=4 spanning_gaps/high/sorted
verified/measured n=1000 m=16 k=4 components/constant/sorted
verified/measured n=1000 m=16 k=4 components/bottleneck/sorted
verified/measured n=1000 m=16 k=4 components/increasing/sorted
verified/measured n=1000 m=16 k=4 components/decreasing/sorted
verified/measured n=1000 m=16 k=4 components/sawtooth/sorted
verified/measured n=1000 m=16 k=4 components/small_changes/sorted
verified/measured n=1000 m=16 k=4 components/zero_gaps/sorted
verified/measured n=1000 m=16 k=4 components/high/sorted
verified/measured n=1000 m=16 k=1 dense/bottleneck/sorted
verified/measured n=1000 m=1 k=1 moderate/constant/sorted
verified/measured n=1000 m=16 k=2 dense/bottleneck/sorted
verified/measured n=1000 m=1 k=2 moderate/constant/sorted
verified/measured n=1000 m=1 k=4 moderate/constant/sorted
verified/measured n=1000 m=16 k=8 dense/bottleneck/sorted
verified/measured n=1000 m=1 k=8 moderate/constant/sorted
verified/measured n=1000 m=16 k=16 dense/bottleneck/sorted
verified/measured n=1000 m=1 k=16 moderate/constant/sorted
verified/measured n=1000 m=16 k=64 dense/bottleneck/sorted
verified/measured n=1000 m=1 k=64 moderate/constant/sorted
verified/measured n=1000 m=16 k=256 dense/bottleneck/sorted
verified/measured n=1000 m=1 k=256 moderate/constant/sorted
verified/measured n=1000 m=16 k=1000 dense/bottleneck/sorted
verified/measured n=1000 m=1 k=1000 moderate/constant/sorted
verified/measured n=1000 m=16 k=1000000000 dense/bottleneck/sorted
verified/measured n=1000 m=1 k=1000000000 moderate/constant/sorted
verified/measured n=10000 m=1 k=4 moderate/small_changes/sorted
verified/measured n=10000 m=1 k=4 disjoint/high/shuffled_profile
verified/measured n=10000 m=4 k=4 moderate/small_changes/sorted
verified/measured n=10000 m=4 k=4 disjoint/high/shuffled_profile
verified/measured n=10000 m=16 k=4 moderate/small_changes/sorted
verified/measured n=10000 m=16 k=4 disjoint/high/shuffled_profile
verified/measured n=10000 m=100 k=4 moderate/small_changes/sorted
verified/measured n=10000 m=100 k=4 disjoint/high/shuffled_profile
verified/measured n=10000 m=1000 k=4 moderate/small_changes/sorted
verified/measured n=10000 m=1000 k=4 disjoint/high/shuffled_profile
verified/measured n=10000 m=10000 k=4 moderate/small_changes/sorted
verified/measured n=10000 m=10000 k=4 disjoint/high/shuffled_profile
verified/measured n=1000 m=100 k=4 moderate/sawtooth/shuffled_jobs
verified/measured n=10000 m=1000 k=4 components/small_changes/shuffled_jobs
verified/measured n=1000 m=100 k=4 moderate/sawtooth/shuffled_profile
verified/measured n=10000 m=1000 k=4 components/small_changes/shuffled_profile
verified/measured n=1000 m=100 k=4 moderate/sawtooth/both_shuffled
verified/measured n=10000 m=1000 k=4 components/small_changes/both_shuffled
verified/measured n=10000 m=16 k=4 disjoint/high/sorted
verified/measured n=10000 m=16 k=4 touching/high/sorted
verified/measured n=10000 m=16 k=4 identical/high/sorted
verified/measured n=10000 m=16 k=4 components/high/sorted
verified/measured n=10000 m=16 k=4 negative/high/sorted
verified/measured n=10000 m=16 k=4 components/small_changes/sorted
verified/measured n=10000 m=16 k=4 disjoint/constant/sorted
verified/measured n=100000 m=16 k=4 disjoint/high/sorted
verified/measured n=100000 m=16 k=4 touching/high/sorted
verified/measured n=100000 m=16 k=4 identical/high/sorted
verified/measured n=100000 m=16 k=4 components/high/sorted
verified/measured n=100000 m=16 k=4 negative/high/sorted
verified/measured n=100000 m=16 k=4 components/small_changes/sorted
verified/measured n=100000 m=16 k=4 disjoint/constant/sorted
verified/measured n=1000000 m=16 k=4 disjoint/high/sorted
verified/measured n=1000000 m=16 k=4 touching/high/sorted
verified/measured n=1000000 m=16 k=4 identical/high/sorted
verified/measured n=1000000 m=16 k=4 components/high/sorted
verified/measured n=1000000 m=16 k=4 negative/high/sorted
verified/measured n=1000000 m=16 k=4 components/small_changes/sorted
verified/measured n=1000000 m=16 k=4 disjoint/constant/sorted
verified/measured n=1000 m=16 k=0 outside/zero/sorted
verified/measured n=1000 m=0 k=0 outside/zero/sorted
verified/measured n=10000 m=16 k=0 outside/zero/sorted
verified/measured n=10000 m=0 k=0 outside/zero/sorted
verified/measured n=100000 m=16 k=0 outside/zero/sorted
verified/measured n=100000 m=0 k=0 outside/zero/sorted
verified/measured n=1000000 m=16 k=0 outside/zero/sorted
verified/measured n=1000000 m=0 k=0 outside/zero/sorted
verified/measured n=1000 m=16 k=256 dense/sawtooth/sorted
verified/measured n=1000 m=100 k=256 dense/sawtooth/sorted
verified/measured n=1000 m=16 k=1000 dense/sawtooth/sorted
verified/measured n=1000 m=100 k=1000 dense/sawtooth/sorted
verified/measured n=1000 m=16 k=256 identical/sawtooth/sorted
verified/measured n=1000 m=100 k=256 identical/sawtooth/sorted
verified/measured n=1000 m=16 k=1000 identical/sawtooth/sorted
verified/measured n=1000 m=100 k=1000 identical/sawtooth/sorted
