    Finished `bench` profile [optimized] target(s) in 0.16s
     Running benches\minimum_stabbing_points.rs (target\release\deps\minimum_stabbing_points-53036ebdd411cbb2.exe)
verified n=1000 family=disjoint
verified n=1000 family=common
verified n=1000 family=sparse
verified n=1000 family=dense
verified n=1000 family=nested
verified n=1000 family=touching
verified n=1000 family=staircase
verified n=1000 family=identical
verified n=1000 family=equal_ends
verified n=1000 family=equal_starts
verified n=1000 family=unit
verified n=1000 family=wide
verified n=10000 family=disjoint
verified n=10000 family=common
verified n=10000 family=sparse
verified n=10000 family=dense
verified n=10000 family=nested
verified n=10000 family=touching
verified n=10000 family=staircase
verified n=10000 family=identical
verified n=10000 family=equal_ends
verified n=10000 family=equal_starts
verified n=10000 family=unit
verified n=10000 family=wide
verified n=100000 family=disjoint
verified n=100000 family=common
verified n=100000 family=sparse
verified n=100000 family=dense
verified n=100000 family=nested
verified n=100000 family=touching
verified n=100000 family=staircase
verified n=100000 family=identical
verified n=100000 family=equal_ends
verified n=100000 family=equal_starts
verified n=100000 family=unit
verified n=100000 family=wide
verified n=1000000 family=disjoint
verified n=1000000 family=common
verified n=1000000 family=sparse
verified n=1000000 family=dense
verified n=1000000 family=nested
verified n=1000000 family=touching
verified n=1000000 family=staircase
verified n=1000000 family=identical
verified n=1000000 family=equal_ends
verified n=1000000 family=equal_starts
verified n=1000000 family=unit
verified n=1000000 family=wide
verified n=3000000 family=disjoint
verified n=3000000 family=common
verified n=3000000 family=sparse
verified n=3000000 family=dense
verified n=3000000 family=nested
verified n=3000000 family=touching
verified n=3000000 family=staircase
verified n=3000000 family=identical
verified n=3000000 family=equal_ends
verified n=3000000 family=equal_starts
verified n=3000000 family=unit
verified n=3000000 family=wide
